// Jest Snapshot v1, https://goo.gl/fbAQLP

exports[`ImageProcessingStack Snapshot Test 1`] = `
{
  "Conditions": {
    "CorsOriginIsEmpty": {
      "Fn::Equals": [
        "",
      ],
    },
    "HasOriginOverrideHeader": {
      "Fn::Not": [
        {
          "Fn::Equals": [
            "",
          ],
        },
      ],
    },
  },
  "Mappings": {
    "EcsConfigMapping": {
      "large": {
        "cpu": "2048",
        "desiredCount": "8",
        "limitInputPixels": "100000000",
        "maxCapacity": "20",
        "memory": "4096",
        "minCapacity": "6",
        "scaleInAmount": "-3",
        "scaleOutAmount": "3",
      },
      "medium": {
        "cpu": "2048",
        "desiredCount": "3",
        "limitInputPixels": "100000000",
        "maxCapacity": "8",
        "memory": "4096",
        "minCapacity": "2",
        "scaleInAmount": "-2",
        "scaleOutAmount": "2",
      },
      "small": {
        "cpu": "1024",
        "desiredCount": "2",
        "limitInputPixels": "50000000",
        "maxCapacity": "4",
        "memory": "2048",
        "minCapacity": "1",
        "scaleInAmount": "-1",
        "scaleOutAmount": "1",
      },
      "xlarge": {
        "cpu": "2048",
        "desiredCount": "30",
        "limitInputPixels": "100000000",
        "maxCapacity": "96",
        "memory": "4096",
        "minCapacity": "24",
        "scaleInAmount": "-6",
        "scaleOutAmount": "6",
      },
    },
  },
  "Outputs": {
    "CloudFrontDistributionDomainName": {
      "Description": "CloudFront distribution domain name for accessing the image processing service",
      "Value": {
        "Fn::GetAtt": [
          "ImageProcessingDistributionC8F0EB8C",
          "DomainName",
        ],
      },
    },
    "CloudFrontDistributionId": {
      "Description": "CloudFront distribution ID for the image processing service",
      "Value": {
        "Ref": "ImageProcessingDistributionC8F0EB8C",
      },
    },
    "ContainerDeploymentMode": {
      "Description": "Container deployment mode (local or production)",
      "Value": "local",
    },
    "DeploymentMode": {
      "Description": "Current deployment mode: prod (dev=internet-facing ALB, prod=internal ALB with VPC Origins)",
      "Value": "prod",
    },
    "ImageProcessingDistributionDomain": {
      "Description": "Image processing CloudFront distribution domain for Demo UI integration",
      "Value": {
        "Fn::GetAtt": [
          "ImageProcessingDistributionC8F0EB8C",
          "DomainName",
        ],
      },
    },
    "ImageUri": {
      "Description": "Container image URI used by ECS tasks",
      "Value": "Omitted to remove snapshot dependency on hash",
    },
    "LoadBalancerDNS": {
      "Description": "DNS name of the Application Load Balancer",
      "Value": {
        "Fn::GetAtt": [
          "AlbEcsLoadBalancer34D10DFA",
          "DNSName",
        ],
      },
    },
    "LoadBalancerScheme": {
      "Description": "ALB scheme indicating accessibility",
      "Value": "internal",
    },
    "VpcCidr": {
      "Description": "VPC CIDR block used for the image processing infrastructure",
      "Value": "10.0.0.0/16",
    },
    "VpcId": {
      "Description": "VPC ID for the image processing infrastructure",
      "Value": {
        "Ref": "NetworkVpc7FB7348F",
      },
    },
  },
  "Parameters": {
    "referencetoTestParentStackTestConfigTable04A6C22BArn": {
      "Type": "String",
    },
    "referencetoTestParentStackTestConfigTable04A6C22BStreamArn": {
      "Type": "String",
    },
  },
  "Resources": {
    "AlbEcsClusterBF96B8E6": {
      "Properties": {
        "ClusterName": "dit-cluster",
      },
      "Type": "AWS::ECS::Cluster",
    },
    "AlbEcsLoadBalancer34D10DFA": {
      "Properties": {
        "LoadBalancerAttributes": [
          {
            "Key": "deletion_protection.enabled",
            "Value": "false",
          },
        ],
        "Scheme": "internal",
        "SecurityGroups": [
          {
            "Fn::GetAtt": [
              "NetworkAlbSecurityGroup641F8E74",
              "GroupId",
            ],
          },
        ],
        "Subnets": [
          {
            "Ref": "NetworkVpcIsolatedSubnetSubnet1SubnetFC34B17D",
          },
          {
            "Ref": "NetworkVpcIsolatedSubnetSubnet2Subnet6D74919D",
          },
        ],
        "Type": "application",
      },
      "Type": "AWS::ElasticLoadBalancingV2::LoadBalancer",
    },
    "AlbEcsLoadBalancerListener88EE3446": {
      "Metadata": {
        "guard": {
          "SuppressedRules": [
            "ELBV2_LISTENER_SSL_POLICY_RULE",
            "ELBV2_LISTENER_PROTOCOL_RULE",
          ],
        },
      },
      "Properties": {
        "DefaultActions": [
          {
            "FixedResponseConfig": {
              "ContentType": "text/plain",
              "MessageBody": "Access denied - requests must come from CloudFront",
              "StatusCode": "403",
            },
            "Type": "fixed-response",
          },
        ],
        "LoadBalancerArn": {
          "Ref": "AlbEcsLoadBalancer34D10DFA",
        },
        "Port": 80,
        "Protocol": "HTTP",
      },
      "Type": "AWS::ElasticLoadBalancingV2::Listener",
    },
    "AlbEcsLoadBalancerListenerCloudFrontTrafficRule871B41C1": {
      "Properties": {
        "Actions": [
          {
            "TargetGroupArn": {
              "Ref": "AlbEcsTargetGroup070E1DE9",
            },
            "Type": "forward",
          },
        ],
        "Conditions": [
          {
            "Field": "http-header",
            "HttpHeaderConfig": {
              "HttpHeaderName": "X-Origin-Verify",
              "Values": [
                "CloudFrontOrigin",
              ],
            },
          },
        ],
        "ListenerArn": {
          "Ref": "AlbEcsLoadBalancerListener88EE3446",
        },
        "Priority": 100,
      },
      "Type": "AWS::ElasticLoadBalancingV2::ListenerRule",
    },
    "AlbEcsServiceB938A05B": {
      "DependsOn": [
        "AlbEcsLoadBalancerListenerCloudFrontTrafficRule871B41C1",
        "ContainerTaskRoleDefaultPolicyD0BC2E21",
        "ContainerTaskRole2711D1E0",
      ],
      "Properties": {
        "Cluster": {
          "Ref": "AlbEcsClusterBF96B8E6",
        },
        "DeploymentConfiguration": {
          "Alarms": {
            "AlarmNames": [],
            "Enable": false,
            "Rollback": false,
          },
          "MaximumPercent": 200,
          "MinimumHealthyPercent": 50,
        },
        "DesiredCount": {
          "Fn::FindInMap": [
            "EcsConfigMapping",
            "small",
            "desiredCount",
          ],
        },
        "EnableECSManagedTags": false,
        "HealthCheckGracePeriodSeconds": 60,
        "LaunchType": "FARGATE",
        "LoadBalancers": [
          {
            "ContainerName": "ImageProcessingContainer",
            "ContainerPort": 8080,
            "TargetGroupArn": {
              "Ref": "AlbEcsTargetGroup070E1DE9",
            },
          },
        ],
        "NetworkConfiguration": {
          "AwsvpcConfiguration": {
            "AssignPublicIp": "ENABLED",
            "SecurityGroups": [
              {
                "Fn::GetAtt": [
                  "NetworkEcsSecurityGroup48ECD65A",
                  "GroupId",
                ],
              },
            ],
            "Subnets": [
              {
                "Ref": "NetworkVpcPublicSubnetSubnet1Subnet1B7B1CF8",
              },
              {
                "Ref": "NetworkVpcPublicSubnetSubnet2SubnetDFB3E259",
              },
            ],
          },
        },
        "ServiceName": "dit-service",
        "TaskDefinition": {
          "Ref": "AlbEcsTaskDefinitionB498278B",
        },
      },
      "Type": "AWS::ECS::Service",
    },
    "AlbEcsServiceTaskCountTargetCpuScalingLowerAlarmD8DBCA6F": {
      "DependsOn": [
        "ContainerTaskRoleDefaultPolicyD0BC2E21",
        "ContainerTaskRole2711D1E0",
      ],
      "Properties": {
        "AlarmActions": [
          {
            "Ref": "AlbEcsServiceTaskCountTargetCpuScalingLowerPolicyDD9ADB8E",
          },
        ],
        "AlarmDescription": "Lower threshold scaling alarm",
        "ComparisonOperator": "LessThanOrEqualToThreshold",
        "DatapointsToAlarm": 1,
        "Dimensions": [
          {
            "Name": "ClusterName",
            "Value": {
              "Ref": "AlbEcsClusterBF96B8E6",
            },
          },
          {
            "Name": "ServiceName",
            "Value": {
              "Fn::GetAtt": [
                "AlbEcsServiceB938A05B",
                "Name",
              ],
            },
          },
        ],
        "EvaluationPeriods": 1,
        "MetricName": "CPUUtilization",
        "Namespace": "AWS/ECS",
        "Period": 60,
        "Statistic": "Average",
        "Threshold": 30,
      },
      "Type": "AWS::CloudWatch::Alarm",
    },
    "AlbEcsServiceTaskCountTargetCpuScalingLowerPolicyDD9ADB8E": {
      "DependsOn": [
        "ContainerTaskRoleDefaultPolicyD0BC2E21",
        "ContainerTaskRole2711D1E0",
      ],
      "Properties": {
        "PolicyName": "TestParentStackTestImageProcessingStackAlbEcsServiceTaskCountTargetCpuScalingLowerPolicy6E2998E0",
        "PolicyType": "StepScaling",
        "ScalingTargetId": {
          "Ref": "AlbEcsServiceTaskCountTargetD8B068EF",
        },
        "StepScalingPolicyConfiguration": {
          "AdjustmentType": "ChangeInCapacity",
          "Cooldown": 60,
          "MetricAggregationType": "Average",
          "StepAdjustments": [
            {
              "MetricIntervalUpperBound": 0,
              "ScalingAdjustment": {
                "Fn::FindInMap": [
                  "EcsConfigMapping",
                  "small",
                  "scaleInAmount",
                ],
              },
            },
          ],
        },
      },
      "Type": "AWS::ApplicationAutoScaling::ScalingPolicy",
    },
    "AlbEcsServiceTaskCountTargetCpuScalingUpperAlarm388FC34A": {
      "DependsOn": [
        "ContainerTaskRoleDefaultPolicyD0BC2E21",
        "ContainerTaskRole2711D1E0",
      ],
      "Properties": {
        "AlarmActions": [
          {
            "Ref": "AlbEcsServiceTaskCountTargetCpuScalingUpperPolicy3E7E5283",
          },
        ],
        "AlarmDescription": "Upper threshold scaling alarm",
        "ComparisonOperator": "GreaterThanOrEqualToThreshold",
        "DatapointsToAlarm": 1,
        "Dimensions": [
          {
            "Name": "ClusterName",
            "Value": {
              "Ref": "AlbEcsClusterBF96B8E6",
            },
          },
          {
            "Name": "ServiceName",
            "Value": {
              "Fn::GetAtt": [
                "AlbEcsServiceB938A05B",
                "Name",
              ],
            },
          },
        ],
        "EvaluationPeriods": 1,
        "MetricName": "CPUUtilization",
        "Namespace": "AWS/ECS",
        "Period": 60,
        "Statistic": "Average",
        "Threshold": 70,
      },
      "Type": "AWS::CloudWatch::Alarm",
    },
    "AlbEcsServiceTaskCountTargetCpuScalingUpperPolicy3E7E5283": {
      "DependsOn": [
        "ContainerTaskRoleDefaultPolicyD0BC2E21",
        "ContainerTaskRole2711D1E0",
      ],
      "Properties": {
        "PolicyName": "TestParentStackTestImageProcessingStackAlbEcsServiceTaskCountTargetCpuScalingUpperPolicy215E6094",
        "PolicyType": "StepScaling",
        "ScalingTargetId": {
          "Ref": "AlbEcsServiceTaskCountTargetD8B068EF",
        },
        "StepScalingPolicyConfiguration": {
          "AdjustmentType": "ChangeInCapacity",
          "Cooldown": 60,
          "MetricAggregationType": "Average",
          "StepAdjustments": [
            {
              "MetricIntervalLowerBound": 0,
              "ScalingAdjustment": {
                "Fn::FindInMap": [
                  "EcsConfigMapping",
                  "small",
                  "scaleOutAmount",
                ],
              },
            },
          ],
        },
      },
      "Type": "AWS::ApplicationAutoScaling::ScalingPolicy",
    },
    "AlbEcsServiceTaskCountTargetD8B068EF": {
      "DependsOn": [
        "ContainerTaskRoleDefaultPolicyD0BC2E21",
        "ContainerTaskRole2711D1E0",
      ],
      "Properties": {
        "MaxCapacity": {
          "Fn::FindInMap": [
            "EcsConfigMapping",
            "small",
            "maxCapacity",
          ],
        },
        "MinCapacity": {
          "Fn::FindInMap": [
            "EcsConfigMapping",
            "small",
            "minCapacity",
          ],
        },
        "ResourceId": {
          "Fn::Join": [
            "",
            [
              "service/",
              {
                "Ref": "AlbEcsClusterBF96B8E6",
              },
              "/",
              {
                "Fn::GetAtt": [
                  "AlbEcsServiceB938A05B",
                  "Name",
                ],
              },
            ],
          ],
        },
        "RoleARN": {
          "Fn::Join": [
            "",
            [
              "arn:",
              {
                "Ref": "AWS::Partition",
              },
              ":iam::",
              {
                "Ref": "AWS::AccountId",
              },
              ":role/aws-service-role/ecs.application-autoscaling.amazonaws.com/AWSServiceRoleForApplicationAutoScaling_ECSService",
            ],
          ],
        },
        "ScalableDimension": "ecs:service:DesiredCount",
        "ServiceNamespace": "ecs",
      },
      "Type": "AWS::ApplicationAutoScaling::ScalableTarget",
    },
    "AlbEcsTargetGroup070E1DE9": {
      "Properties": {
        "HealthCheckEnabled": true,
        "HealthCheckIntervalSeconds": 30,
        "HealthCheckPath": "/health",
        "HealthCheckPort": "8080",
        "HealthCheckProtocol": "HTTP",
        "HealthCheckTimeoutSeconds": 5,
        "HealthyThresholdCount": 2,
        "Matcher": {
          "HttpCode": "200",
        },
        "Port": 8080,
        "Protocol": "HTTP",
        "TargetGroupAttributes": [
          {
            "Key": "stickiness.enabled",
            "Value": "false",
          },
        ],
        "TargetType": "ip",
        "UnhealthyThresholdCount": 3,
        "VpcId": {
          "Ref": "NetworkVpc7FB7348F",
        },
      },
      "Type": "AWS::ElasticLoadBalancingV2::TargetGroup",
    },
    "AlbEcsTaskDefinitionB498278B": {
      "Properties": {
        "ContainerDefinitions": [
          {
            "Environment": [
              {
                "Name": "SOLUTION_ID",
                "Value": "SO0023",
              },
              {
                "Name": "SOLUTION_VERSION",
                "Value": "v8.1.1",
              },
              {
                "Name": "DDB_TABLE_NAME",
                "Value": {
                  "Fn::Select": [
                    1,
                    {
                      "Fn::Split": [
                        "/",
                        {
                          "Ref": "referencetoTestParentStackTestConfigTable04A6C22BArn",
                        },
                      ],
                    },
                  ],
                },
              },
              {
                "Name": "LIMIT_INPUT_PIXELS",
                "Value": {
                  "Fn::FindInMap": [
                    "EcsConfigMapping",
                    "small",
                    "limitInputPixels",
                  ],
                },
              },
              {
                "Name": "REKOGNITION_CACHE_TABLE",
                "Value": {
                  "Ref": "RekognitionCacheTableD689CEDF",
                },
              },
              {
                "Name": "REKOGNITION_CACHE_TTL",
                "Value": "86400",
              },
            ],
            "Essential": true,
            "Image": "Omitted to remove snapshot dependency on hash",
            "LogConfiguration": {
              "LogDriver": "awslogs",
              "Options": {
                "awslogs-group": {
                  "Ref": "ContainerLogGroupDE306E09",
                },
                "awslogs-region": {
                  "Ref": "AWS::Region",
                },
                "awslogs-stream-prefix": "image-processing",
              },
            },
            "Name": "ImageProcessingContainer",
            "PortMappings": [
              {
                "ContainerPort": 8080,
                "Protocol": "tcp",
              },
            ],
          },
        ],
        "Cpu": {
          "Fn::FindInMap": [
            "EcsConfigMapping",
            "small",
            "cpu",
          ],
        },
        "ExecutionRoleArn": {
          "Fn::GetAtt": [
            "ContainerTaskExecutionRole29EAFB52",
            "Arn",
          ],
        },
        "Family": "TestParentStackTestImageProcessingStackAlbEcsTaskDefinition2648178B",
        "Memory": {
          "Fn::FindInMap": [
            "EcsConfigMapping",
            "small",
            "memory",
          ],
        },
        "NetworkMode": "awsvpc",
        "RequiresCompatibilities": [
          "FARGATE",
        ],
        "TaskRoleArn": {
          "Fn::GetAtt": [
            "ContainerTaskRole2711D1E0",
            "Arn",
          ],
        },
      },
      "Type": "AWS::ECS::TaskDefinition",
    },
    "ContainerImageProcessingRepository227C87EB": {
      "DeletionPolicy": "Delete",
      "Properties": {
        "ImageScanningConfiguration": {
          "ScanOnPush": true,
        },
        "ImageTagMutability": "MUTABLE",
        "LifecyclePolicy": {
          "LifecyclePolicyText": "{"rules":[{"rulePriority":1,"description":"Delete untagged images after 1 day","selection":{"tagStatus":"untagged","countType":"sinceImagePushed","countNumber":1,"countUnit":"days"},"action":{"type":"expire"}},{"rulePriority":2,"description":"Keep last 10 images","selection":{"tagStatus":"any","countType":"imageCountMoreThan","countNumber":10},"action":{"type":"expire"}}]}",
        },
      },
      "Type": "AWS::ECR::Repository",
      "UpdateReplacePolicy": "Delete",
    },
    "ContainerLogGroupDE306E09": {
      "DeletionPolicy": "Retain",
      "Metadata": {
        "guard": {
          "SuppressedRules": [
            "CLOUDWATCH_LOG_GROUP_ENCRYPTED",
          ],
        },
      },
      "Properties": {
        "RetentionInDays": 3653,
      },
      "Type": "AWS::Logs::LogGroup",
      "UpdateReplacePolicy": "Retain",
    },
    "ContainerTaskExecutionRole29EAFB52": {
      "Properties": {
        "AssumeRolePolicyDocument": {
          "Statement": [
            {
              "Action": "sts:AssumeRole",
              "Effect": "Allow",
              "Principal": {
                "Service": "ecs-tasks.amazonaws.com",
              },
            },
          ],
          "Version": "2012-10-17",
        },
        "Description": "ECS Task Execution Role for Image Processing Service",
        "ManagedPolicyArns": [
          {
            "Fn::Join": [
              "",
              [
                "arn:",
                {
                  "Ref": "AWS::Partition",
                },
                ":iam::aws:policy/service-role/AmazonECSTaskExecutionRolePolicy",
              ],
            ],
          },
        ],
      },
      "Type": "AWS::IAM::Role",
    },
    "ContainerTaskExecutionRoleDefaultPolicyE3FB33E8": {
      "Properties": {
        "PolicyDocument": {
          "Statement": [
            {
              "Action": [
                "ecr:BatchCheckLayerAvailability",
                "ecr:GetDownloadUrlForLayer",
                "ecr:BatchGetImage",
              ],
              "Effect": "Allow",
              "Resource": {
                "Fn::GetAtt": [
                  "ContainerImageProcessingRepository227C87EB",
                  "Arn",
                ],
              },
            },
            {
              "Action": "ecr:GetAuthorizationToken",
              "Effect": "Allow",
              "Resource": "*",
            },
            {
              "Action": [
                "logs:CreateLogStream",
                "logs:PutLogEvents",
              ],
              "Effect": "Allow",
              "Resource": {
                "Fn::GetAtt": [
                  "ContainerLogGroupDE306E09",
                  "Arn",
                ],
              },
            },
          ],
          "Version": "2012-10-17",
        },
        "PolicyName": "ContainerTaskExecutionRoleDefaultPolicyE3FB33E8",
        "Roles": [
          {
            "Ref": "ContainerTaskExecutionRole29EAFB52",
          },
        ],
      },
      "Type": "AWS::IAM::Policy",
    },
    "ContainerTaskRole2711D1E0": {
      "Properties": {
        "AssumeRolePolicyDocument": {
          "Statement": [
            {
              "Action": "sts:AssumeRole",
              "Effect": "Allow",
              "Principal": {
                "Service": "ecs-tasks.amazonaws.com",
              },
            },
          ],
          "Version": "2012-10-17",
        },
        "Description": "ECS Task Role for Image Processing Service",
      },
      "Type": "AWS::IAM::Role",
    },
    "ContainerTaskRoleDefaultPolicyD0BC2E21": {
      "Properties": {
        "PolicyDocument": {
          "Statement": [
            {
              "Action": [
                "s3:GetObject",
                "s3:ListBucket",
              ],
              "Effect": "Allow",
              "Resource": "*",
            },
            {
              "Action": [
                "logs:CreateLogStream",
                "logs:PutLogEvents",
              ],
              "Effect": "Allow",
              "Resource": [
                {
                  "Fn::GetAtt": [
                    "ContainerLogGroupDE306E09",
                    "Arn",
                  ],
                },
                {
                  "Fn::Join": [
                    "",
                    [
                      {
                        "Fn::GetAtt": [
                          "ContainerLogGroupDE306E09",
                          "Arn",
                        ],
                      },
                      ":*",
                    ],
                  ],
                },
              ],
            },
            {
              "Action": [
                "dynamodb:Query",
                "dynamodb:Scan",
                "dynamodb:GetItem",
                "dynamodb:BatchGetItem",
                "dynamodb:DescribeTable",
              ],
              "Effect": "Allow",
              "Resource": [
                {
                  "Ref": "referencetoTestParentStackTestConfigTable04A6C22BArn",
                },
                {
                  "Fn::Join": [
                    "",
                    [
                      {
                        "Ref": "referencetoTestParentStackTestConfigTable04A6C22BArn",
                      },
                      "/index/*",
                    ],
                  ],
                },
              ],
            },
            {
              "Action": [
                "rekognition:DetectFaces",
                "rekognition:DetectLabels",
                "rekognition:DetectText",
                "rekognition:DetectModerationLabels",
              ],
              "Effect": "Allow",
              "Resource": "*",
            },
            {
              "Action": "rekognition:DetectCustomLabels",
              "Effect": "Allow",
              "Resource": {
                "Fn::Join": [
                  "",
                  [
                    "arn:",
                    {
                      "Ref": "AWS::Partition",
                    },
                    ":rekognition:",
                    {
                      "Ref": "AWS::Region",
                    },
                    ":",
                    {
                      "Ref": "AWS::AccountId",
                    },
                    ":project/*/version/*/*",
                  ],
                ],
              },
            },
            {
              "Action": [
                "dynamodb:GetItem",
                "dynamodb:BatchGetItem",
                "dynamodb:PutItem",
              ],
              "Effect": "Allow",
              "Resource": {
                "Fn::GetAtt": [
                  "RekognitionCacheTableD689CEDF",
                  "Arn",
                ],
              },
            },
          ],
          "Version": "2012-10-17",
        },
        "PolicyName": "ContainerTaskRoleDefaultPolicyD0BC2E21",
        "Roles": [
          {
            "Ref": "ContainerTaskRole2711D1E0",
          },
        ],
      },
      "Type": "AWS::IAM::Policy",
    },
    "DistributionMonitoring": {
      "Properties": {
        "DistributionId": {
          "Ref": "ImageProcessingDistributionC8F0EB8C",
        },
        "MonitoringSubscription": {
          "RealtimeMetricsSubscriptionConfig": {
            "RealtimeMetricsSubscriptionStatus": "Enabled",
          },
        },
      },
      "Type": "AWS::CloudFront::MonitoringSubscription",
    },
    "DitCachePolicy39154C23": {
      "Properties": {
        "CachePolicyConfig": {
          "Comment": "Cache policy optimized for DIT with normalized headers",
          "DefaultTTL": 86400,
          "MaxTTL": 31536000,
          "MinTTL": 0,
          "Name": {
            "Fn::Join": [
              "",
              [
                "dit-cache-policy-",
                {
                  "Ref": "AWS::Region",
                },
              ],
            ],
          },
          "ParametersInCacheKeyAndForwardedToOrigin": {
            "CookiesConfig": {
              "CookieBehavior": "none",
            },
            "EnableAcceptEncodingBrotli": true,
            "EnableAcceptEncodingGzip": true,
            "HeadersConfig": {
              "HeaderBehavior": "whitelist",
              "Headers": {
                "Fn::If": [
                  "HasOriginOverrideHeader",
                  [
                    "dit-host",
                    "dit-accept",
                    "dit-dpr",
                    "dit-viewport-width",
                  ],
                  [
                    "dit-host",
                    "dit-accept",
                    "dit-dpr",
                    "dit-viewport-width",
                  ],
                ],
              },
            },
            "QueryStringsConfig": {
              "QueryStringBehavior": "all",
            },
          },
        },
      },
      "Type": "AWS::CloudFront::CachePolicy",
    },
    "DitHeaderNormalizationFunctionDB3C4E68": {
      "Properties": {
        "AutoPublish": true,
        "FunctionCode": "// Copyright Amazon.com, Inc. or its affiliates. All Rights Reserved.
// SPDX-License-Identifier: Apache-2.0

const BREAKPOINTS = [320, 480, 768, 1024, 1200, 1440, 1920];

const DEVICE_MAP = [
  // Mobile: 360–430px CSS viewport, predominantly 2x DPR; 480 is the conservative upper breakpoint
  { header: 'cloudfront-is-mobile-viewer',  width: 480,  dpr: 2.0 },
  // Tablet: iPads and Android tablets 768–1024px viewport, typically 2x DPR
  { header: 'cloudfront-is-tablet-viewer',  width: 1024, dpr: 2.0 },
  // Desktop: Tier 4 desktop traffic is primarily Safari/macOS Retina (Chromium desktops use Tier 1/2); 1440 is a safe median, 2.0 reflects Retina prevalence
  { header: 'cloudfront-is-desktop-viewer', width: 1440, dpr: 2.0 },
  // SmartTV: renders at 1080p/4K with 1x CSS pixel density
  { header: 'cloudfront-is-smarttv-viewer', width: 1920, dpr: 1.0 },
];

/** Snaps rawWidth up to the nearest supported breakpoint and rounds/caps rawDpr; null inputs produce null outputs. */
function normalize(raw) {
  let width = null;
  let dpr = null;
  if (raw.rawWidth !== null && raw.rawWidth !== undefined) {
    width = 1920; // rawWidth exceeds largest breakpoint; cap at 1920 (4K/UHD upper bound)
    for (let i = 0; i < BREAKPOINTS.length; i++) {
      if (BREAKPOINTS[i] >= raw.rawWidth) { width = BREAKPOINTS[i]; break; }
    }
  }
  if (raw.rawDpr !== null && raw.rawDpr !== undefined) {
    dpr = Math.min(Math.round(raw.rawDpr * 10) / 10, 5.0);
  }
  return { width, dpr };
}

/** Evaluates the 5-tier detection waterfall and returns the first matching tier's raw width, DPR, tier number, and name. */
function detectTier(request) {
  const headers = request.headers;

  // Tier 1: Sec-CH-Width (responsive image render width — most precise signal)
  const chWidth = headers['sec-ch-width'] && headers['sec-ch-width'].value;
  if (chWidth) {
    const w1 = parseInt(chWidth, 10);
    if (!isNaN(w1) && w1 > 0 && w1 <= 7680) {
      const chDpr = headers['sec-ch-dpr'] && headers['sec-ch-dpr'].value;
      const d1 = parseFloat(chDpr);
      return { rawWidth: w1, rawDpr: (!isNaN(d1) && d1 > 0) ? d1 : null, tier: 1, name: 'ClientHintsWidth' };
    }
  }

  // Tier 2: Sec-CH-Viewport-Width (full viewport width)
  const chVp = headers['sec-ch-viewport-width'] && headers['sec-ch-viewport-width'].value;
  if (chVp) {
    const w2 = parseInt(chVp, 10);
    if (!isNaN(w2) && w2 > 0 && w2 <= 7680) {
      const chDpr2 = headers['sec-ch-dpr'] && headers['sec-ch-dpr'].value;
      const d2 = parseFloat(chDpr2);
      return { rawWidth: w2, rawDpr: (!isNaN(d2) && d2 > 0) ? d2 : null, tier: 2, name: 'ClientHintsViewportWidth' };
    }
  }

  // Tier 3: JS Cookie (dit-device) — deferred to future release

  // Tier 4: CloudFront device-class headers (first match wins: Mobile → Tablet → Desktop → SmartTV)
  for (let i = 0; i < DEVICE_MAP.length; i++) {
    const entry = DEVICE_MAP[i];
    if (headers[entry.header] && headers[entry.header].value === 'true') {
      return { rawWidth: entry.width, rawDpr: entry.dpr, tier: 4, name: 'CloudFrontDevice' };
    }
  }

  // Tier 5: No signal — ECS applies policy fallback
  return { rawWidth: null, rawDpr: null, tier: 5, name: 'Fallback' };
}

/** Emits a single structured DIT-DETECT log entry for the resolved detection result. */
function logDetect(result) {
  console.log(JSON.stringify({
    type: 'DIT-DETECT',
    tier: result.tier,
    name: result.name,
    width: result.width !== null && result.width !== undefined ? String(result.width) : 'unset',
    dpr: result.dpr !== null && result.dpr !== undefined ? String(result.dpr) : 'unset',
  }));
}

// Bound Accept-header parsing to protect the CloudFront Function compute budget.
const MAX_ACCEPT_HEADER_LENGTH = 512;
const MAX_ACCEPT_MIME_TYPES = 20;

const FORMAT_PRIORITY = ['webp', 'avif', 'jpeg', 'png', 'heif', 'tiff', 'raw', 'gif'];

const FORMAT_MAPPING = {
  'image/webp': 'webp',
  'image/avif': 'avif',
  'image/jpeg': 'jpeg',
  'image/jpg': 'jpeg',
  'image/png': 'png',
  'image/heif': 'heif',
  'image/heic': 'heif',
  'image/tiff': 'tiff',
  'image/raw': 'raw',
  'image/gif': 'gif'
};

/** Returns the highest-priority supported image MIME type from the Accept header, or null if none match. */
function normalizeAcceptHeader(acceptHeader) {
  if (!acceptHeader || acceptHeader.length > MAX_ACCEPT_HEADER_LENGTH) return null;

  const mimeTypes = acceptHeader
    .split(',', MAX_ACCEPT_MIME_TYPES)
    .map(part => part.split(';')[0].trim().toLowerCase());

  var supportedFormats = [];
  for (var i = 0; i < mimeTypes.length; i++) {
    if (FORMAT_MAPPING[mimeTypes[i]]) {
      supportedFormats.push(FORMAT_MAPPING[mimeTypes[i]]);
    }
  }

  for (var j = 0; j < FORMAT_PRIORITY.length; j++) {
    if (supportedFormats.indexOf(FORMAT_PRIORITY[j]) !== -1) {
      return 'image/' + FORMAT_PRIORITY[j];
    }
  }

  return null;
}

/** CloudFront Function entry point: sets DIT cache-key headers and runs multi-tier device detection. */
async function handler(event) {
  const request = event.request;
  const headers = request.headers;

  // Strip inbound 'dit-*' headers so a viewer can't inject the origin-override or poison the
  // cache-key headers this function derives below. Keyed on the 'dit-' prefix since the configured
  // override header name isn't visible to this static function. ('x-dit-sim-*' is untouched.)
  Object.keys(headers).forEach(function (name) {
    if (name.indexOf('dit-') === 0) {
      delete headers[name];
    }
  });

  // dit-host: always mirrors the Host header. Included in the DIT cache policy
  // so that image caching is keyed on DIT-specific headers only, isolating it
  // from unrelated headers.
  if (headers['host']) {
    request.headers['dit-host'] = { value: headers['host'].value };
  }

  // Derive cache-key headers inside one try/catch so viewer-input parsing fails open, not 503.
  try {
    // dit-accept: best supported image format from Accept; skipped when format is explicit in the query string.
    if (headers['accept'] && !(request.querystring && request.querystring.format)) {
      const normalizedFormat = normalizeAcceptHeader(headers['accept'].value);
      if (normalizedFormat) {
        request.headers['dit-accept'] = { value: normalizedFormat };
      }
    }

    // dit-viewport-width / dit-dpr: device dimensions via the 5-tier waterfall.
    const raw = detectTier(request);
    const norm = normalize(raw);
    if (norm.width !== null) {
      request.headers['dit-viewport-width'] = { value: String(norm.width) };
    }
    if (norm.dpr !== null) {
      request.headers['dit-dpr'] = { value: String(norm.dpr) };
    }
    logDetect({ tier: raw.tier, name: raw.name, width: norm.width, dpr: norm.dpr });
  } catch (e) {
    // Fail-open: pass through with whatever headers were successfully set before the exception.
    console.error('DIT Function - Error processing request:', e);
  }

  // dit-origin: optional header for custom origin routing. Header defined here (dit-origin), should match
  // the value of the 'OriginOverrideHeader' CloudFormation parameter configured at deployment.
  // Set only by this deployment's own logic — any client-supplied value was stripped above.
  // Example: request.headers['dit-origin'] = { value: 'my-custom-origin' };

  return request;
}
",
        "FunctionConfig": {
          "Comment": "DIT header normalization and cache key optimization function",
          "Runtime": "cloudfront-js-2.0",
        },
        "Name": {
          "Fn::Join": [
            "",
            [
              "dit-header-normalization-",
              {
                "Ref": "AWS::Region",
              },
            ],
          ],
        },
      },
      "Type": "AWS::CloudFront::Function",
    },
    "ImageProcessingDistributionC8F0EB8C": {
      "Metadata": {
        "guard": {
          "SuppressedRules": [
            "CLOUDFRONT_MINIMUM_PROTOCOL_VERSION_RULE",
          ],
        },
      },
      "Properties": {
        "DistributionConfig": {
          "Comment": "Image Handler Distribution for Dynamic Image Transformation - prod mode",
          "CustomErrorResponses": [
            {
              "ErrorCachingMinTTL": 600,
              "ErrorCode": 500,
            },
            {
              "ErrorCachingMinTTL": 600,
              "ErrorCode": 501,
            },
            {
              "ErrorCachingMinTTL": 600,
              "ErrorCode": 502,
            },
            {
              "ErrorCachingMinTTL": 600,
              "ErrorCode": 503,
            },
            {
              "ErrorCachingMinTTL": 600,
              "ErrorCode": 504,
            },
          ],
          "DefaultCacheBehavior": {
            "AllowedMethods": [
              "GET",
              "HEAD",
              "OPTIONS",
            ],
            "CachePolicyId": {
              "Ref": "DitCachePolicy39154C23",
            },
            "CachedMethods": [
              "GET",
              "HEAD",
            ],
            "Compress": true,
            "FunctionAssociations": [
              {
                "EventType": "viewer-request",
                "FunctionARN": {
                  "Fn::GetAtt": [
                    "DitHeaderNormalizationFunctionDB3C4E68",
                    "FunctionARN",
                  ],
                },
              },
            ],
            "OriginRequestPolicyId": "33f36d7e-f396-46d9-90e0-52428a34d9dc",
            "ResponseHeadersPolicyId": {
              "Ref": "ImageResponseHeadersPolicy14B22B34",
            },
            "TargetOriginId": "TestParentStackTestImageProcessingStackImageProcessingDistributionOrigin19A6EA5DA",
            "ViewerProtocolPolicy": "redirect-to-https",
          },
          "Enabled": true,
          "HttpVersion": "http2",
          "IPV6Enabled": true,
          "Logging": {
            "Bucket": {
              "Fn::GetAtt": [
                "LoggingBucket1E5A6F3B",
                "RegionalDomainName",
              ],
            },
            "IncludeCookies": false,
            "Prefix": "cloudfront-logs/",
          },
          "Origins": [
            {
              "DomainName": {
                "Fn::GetAtt": [
                  "AlbEcsLoadBalancer34D10DFA",
                  "DNSName",
                ],
              },
              "Id": "TestParentStackTestImageProcessingStackImageProcessingDistributionOrigin19A6EA5DA",
              "OriginCustomHeaders": [
                {
                  "HeaderName": "X-Origin-Verify",
                  "HeaderValue": "CloudFrontOrigin",
                },
              ],
              "VpcOriginConfig": {
                "VpcOriginId": {
                  "Fn::GetAtt": [
                    "ImageProcessingDistributionOrigin1VpcOrigin5B2ED67A",
                    "Id",
                  ],
                },
              },
            },
          ],
          "PriceClass": "PriceClass_All",
        },
      },
      "Type": "AWS::CloudFront::Distribution",
    },
    "ImageProcessingDistributionOrigin1VpcOrigin5B2ED67A": {
      "Properties": {
        "VpcOriginEndpointConfig": {
          "Arn": {
            "Ref": "AlbEcsLoadBalancer34D10DFA",
          },
          "HTTPPort": 80,
          "Name": {
            "Fn::Join": [
              "",
              [
                "dit-vpc-origin-",
                {
                  "Ref": "AWS::Region",
                },
              ],
            ],
          },
          "OriginProtocolPolicy": "http-only",
          "OriginSSLProtocols": [
            "TLSv1.2",
          ],
        },
      },
      "Type": "AWS::CloudFront::VpcOrigin",
    },
    "ImageResponseHeadersPolicy14B22B34": {
      "Properties": {
        "ResponseHeadersPolicyConfig": {
          "Comment": "Security headers with Client Hints for image processing",
          "CorsConfig": {
            "AccessControlAllowCredentials": false,
            "AccessControlAllowHeaders": {
              "Items": [
                "*",
              ],
            },
            "AccessControlAllowMethods": {
              "Items": [
                "GET",
                "HEAD",
                "OPTIONS",
              ],
            },
            "AccessControlAllowOrigins": {
              "Items": [
                {
                  "Fn::If": [
                    "CorsOriginIsEmpty",
                    "*",
                  ],
                },
              ],
            },
            "AccessControlExposeHeaders": {
              "Items": [
                "X-DIT-Metrics",
                "Content-Type",
                "Content-Length",
              ],
            },
            "AccessControlMaxAgeSec": 86400,
            "OriginOverride": true,
          },
          "CustomHeadersConfig": {
            "Items": [
              {
                "Header": "Accept-CH",
                "Override": false,
                "Value": "Sec-CH-Width, Sec-CH-DPR, Sec-CH-Viewport-Width",
              },
              {
                "Header": "Accept-CH-Lifetime",
                "Override": false,
                "Value": "86400",
              },
            ],
          },
          "Name": {
            "Fn::Join": [
              "",
              [
                "Image-Processing-Headers-",
                {
                  "Ref": "AWS::Region",
                },
              ],
            ],
          },
          "SecurityHeadersConfig": {
            "ContentTypeOptions": {
              "Override": true,
            },
            "FrameOptions": {
              "FrameOption": "SAMEORIGIN",
              "Override": false,
            },
            "ReferrerPolicy": {
              "Override": false,
              "ReferrerPolicy": "strict-origin-when-cross-origin",
            },
            "StrictTransportSecurity": {
              "AccessControlMaxAgeSec": 31536000,
              "IncludeSubdomains": false,
              "Override": false,
            },
            "XSSProtection": {
              "ModeBlock": true,
              "Override": false,
              "Protection": true,
            },
          },
        },
      },
      "Type": "AWS::CloudFront::ResponseHeadersPolicy",
    },
    "LoggingBucket1E5A6F3B": {
      "DeletionPolicy": "Retain",
      "Metadata": {
        "guard": {
          "SuppressedRules": [
            "S3_BUCKET_LOGGING_ENABLED",
          ],
        },
      },
      "Properties": {
        "BucketEncryption": {
          "ServerSideEncryptionConfiguration": [
            {
              "ServerSideEncryptionByDefault": {
                "SSEAlgorithm": "AES256",
              },
            },
          ],
        },
        "OwnershipControls": {
          "Rules": [
            {
              "ObjectOwnership": "BucketOwnerPreferred",
            },
          ],
        },
        "PublicAccessBlockConfiguration": {
          "BlockPublicAcls": true,
          "BlockPublicPolicy": true,
          "IgnorePublicAcls": true,
          "RestrictPublicBuckets": true,
        },
      },
      "Type": "AWS::S3::Bucket",
      "UpdateReplacePolicy": "Retain",
    },
    "LoggingBucketPolicy21938756": {
      "Properties": {
        "Bucket": {
          "Ref": "LoggingBucket1E5A6F3B",
        },
        "PolicyDocument": {
          "Statement": [
            {
              "Action": "s3:*",
              "Condition": {
                "Bool": {
                  "aws:SecureTransport": "false",
                },
              },
              "Effect": "Deny",
              "Principal": {
                "AWS": "*",
              },
              "Resource": [
                {
                  "Fn::GetAtt": [
                    "LoggingBucket1E5A6F3B",
                    "Arn",
                  ],
                },
                {
                  "Fn::Join": [
                    "",
                    [
                      {
                        "Fn::GetAtt": [
                          "LoggingBucket1E5A6F3B",
                          "Arn",
                        ],
                      },
                      "/*",
                    ],
                  ],
                },
              ],
            },
          ],
          "Version": "2012-10-17",
        },
      },
      "Type": "AWS::S3::BucketPolicy",
    },
    "NetworkAlbSecurityGroup641F8E74": {
      "Properties": {
        "GroupDescription": "Security group for Application Load Balancer",
        "SecurityGroupIngress": [
          {
            "CidrIp": "10.0.0.0/16",
            "Description": "Allow HTTP traffic from VPC for CloudFront VPC Origins connectivity",
            "FromPort": 80,
            "IpProtocol": "tcp",
            "ToPort": 80,
          },
          {
            "CidrIp": "0.0.0.0/0",
            "Description": "Allow from anyone on port 80",
            "FromPort": 80,
            "IpProtocol": "tcp",
            "ToPort": 80,
          },
        ],
        "VpcId": {
          "Ref": "NetworkVpc7FB7348F",
        },
      },
      "Type": "AWS::EC2::SecurityGroup",
    },
    "NetworkAlbSecurityGrouptoTestParentStackTestImageProcessingStackNetworkEcsSecurityGroupEDFFC3A88080157AF82C": {
      "Properties": {
        "Description": "Allow traffic to ECS security group",
        "DestinationSecurityGroupId": {
          "Fn::GetAtt": [
            "NetworkEcsSecurityGroup48ECD65A",
            "GroupId",
          ],
        },
        "FromPort": 8080,
        "GroupId": {
          "Fn::GetAtt": [
            "NetworkAlbSecurityGroup641F8E74",
            "GroupId",
          ],
        },
        "IpProtocol": "tcp",
        "ToPort": 8080,
      },
      "Type": "AWS::EC2::SecurityGroupEgress",
    },
    "NetworkEcsSecurityGroup48ECD65A": {
      "Metadata": {
        "guard": {
          "SuppressedRules": [
            "EC2_SECURITY_GROUP_EGRESS_OPEN_TO_WORLD_RULE",
          ],
        },
      },
      "Properties": {
        "GroupDescription": "Security group for ECS Fargate tasks",
        "SecurityGroupEgress": [
          {
            "CidrIp": "0.0.0.0/0",
            "Description": "Allow HTTPS outbound for ECR access",
            "FromPort": 443,
            "IpProtocol": "tcp",
            "ToPort": 443,
          },
          {
            "CidrIp": "0.0.0.0/0",
            "Description": "Allow HTTP outbound for downloading images from external sources",
            "FromPort": 80,
            "IpProtocol": "tcp",
            "ToPort": 80,
          },
        ],
        "VpcId": {
          "Ref": "NetworkVpc7FB7348F",
        },
      },
      "Type": "AWS::EC2::SecurityGroup",
    },
    "NetworkEcsSecurityGroupfromTestParentStackTestImageProcessingStackNetworkAlbSecurityGroupD7EC0142808088EA53E4": {
      "Properties": {
        "Description": "Allow traffic from ALB to ECS tasks",
        "FromPort": 8080,
        "GroupId": {
          "Fn::GetAtt": [
            "NetworkEcsSecurityGroup48ECD65A",
            "GroupId",
          ],
        },
        "IpProtocol": "tcp",
        "SourceSecurityGroupId": {
          "Fn::GetAtt": [
            "NetworkAlbSecurityGroup641F8E74",
            "GroupId",
          ],
        },
        "ToPort": 8080,
      },
      "Type": "AWS::EC2::SecurityGroupIngress",
    },
    "NetworkVpc7FB7348F": {
      "Properties": {
        "CidrBlock": "10.0.0.0/16",
        "EnableDnsHostnames": true,
        "EnableDnsSupport": true,
        "InstanceTenancy": "default",
        "Tags": [
          {
            "Key": "Name",
            "Value": "TestParentStack/TestImageProcessingStack/Network/Vpc",
          },
        ],
      },
      "Type": "AWS::EC2::VPC",
    },
    "NetworkVpcIGW6BEA7B02": {
      "Properties": {
        "Tags": [
          {
            "Key": "Name",
            "Value": "TestParentStack/TestImageProcessingStack/Network/Vpc",
          },
        ],
      },
      "Type": "AWS::EC2::InternetGateway",
    },
    "NetworkVpcIsolatedSubnetSubnet1RouteTableAssociation96AD49A5": {
      "Properties": {
        "RouteTableId": {
          "Ref": "NetworkVpcIsolatedSubnetSubnet1RouteTableFFDB889E",
        },
        "SubnetId": {
          "Ref": "NetworkVpcIsolatedSubnetSubnet1SubnetFC34B17D",
        },
      },
      "Type": "AWS::EC2::SubnetRouteTableAssociation",
    },
    "NetworkVpcIsolatedSubnetSubnet1RouteTableFFDB889E": {
      "Properties": {
        "Tags": [
          {
            "Key": "Name",
            "Value": "TestParentStack/TestImageProcessingStack/Network/Vpc/IsolatedSubnetSubnet1",
          },
        ],
        "VpcId": {
          "Ref": "NetworkVpc7FB7348F",
        },
      },
      "Type": "AWS::EC2::RouteTable",
    },
    "NetworkVpcIsolatedSubnetSubnet1SubnetFC34B17D": {
      "Properties": {
        "AvailabilityZone": {
          "Fn::Select": [
            0,
            {
              "Fn::GetAZs": "",
            },
          ],
        },
        "CidrBlock": "10.0.0.128/26",
        "MapPublicIpOnLaunch": false,
        "Tags": [
          {
            "Key": "aws-cdk:subnet-name",
            "Value": "IsolatedSubnet",
          },
          {
            "Key": "aws-cdk:subnet-type",
            "Value": "Isolated",
          },
          {
            "Key": "Name",
            "Value": "TestParentStack/TestImageProcessingStack/Network/Vpc/IsolatedSubnetSubnet1",
          },
        ],
        "VpcId": {
          "Ref": "NetworkVpc7FB7348F",
        },
      },
      "Type": "AWS::EC2::Subnet",
    },
    "NetworkVpcIsolatedSubnetSubnet2RouteTableA66556D8": {
      "Properties": {
        "Tags": [
          {
            "Key": "Name",
            "Value": "TestParentStack/TestImageProcessingStack/Network/Vpc/IsolatedSubnetSubnet2",
          },
        ],
        "VpcId": {
          "Ref": "NetworkVpc7FB7348F",
        },
      },
      "Type": "AWS::EC2::RouteTable",
    },
    "NetworkVpcIsolatedSubnetSubnet2RouteTableAssociation26F18CBF": {
      "Properties": {
        "RouteTableId": {
          "Ref": "NetworkVpcIsolatedSubnetSubnet2RouteTableA66556D8",
        },
        "SubnetId": {
          "Ref": "NetworkVpcIsolatedSubnetSubnet2Subnet6D74919D",
        },
      },
      "Type": "AWS::EC2::SubnetRouteTableAssociation",
    },
    "NetworkVpcIsolatedSubnetSubnet2Subnet6D74919D": {
      "Properties": {
        "AvailabilityZone": {
          "Fn::Select": [
            1,
            {
              "Fn::GetAZs": "",
            },
          ],
        },
        "CidrBlock": "10.0.0.192/26",
        "MapPublicIpOnLaunch": false,
        "Tags": [
          {
            "Key": "aws-cdk:subnet-name",
            "Value": "IsolatedSubnet",
          },
          {
            "Key": "aws-cdk:subnet-type",
            "Value": "Isolated",
          },
          {
            "Key": "Name",
            "Value": "TestParentStack/TestImageProcessingStack/Network/Vpc/IsolatedSubnetSubnet2",
          },
        ],
        "VpcId": {
          "Ref": "NetworkVpc7FB7348F",
        },
      },
      "Type": "AWS::EC2::Subnet",
    },
    "NetworkVpcPublicSubnetSubnet1DefaultRouteE5E488FD": {
      "DependsOn": [
        "NetworkVpcVPCGW8F3799B5",
      ],
      "Properties": {
        "DestinationCidrBlock": "0.0.0.0/0",
        "GatewayId": {
          "Ref": "NetworkVpcIGW6BEA7B02",
        },
        "RouteTableId": {
          "Ref": "NetworkVpcPublicSubnetSubnet1RouteTableF910F1C0",
        },
      },
      "Type": "AWS::EC2::Route",
    },
    "NetworkVpcPublicSubnetSubnet1RouteTableAssociation56192E5E": {
      "Properties": {
        "RouteTableId": {
          "Ref": "NetworkVpcPublicSubnetSubnet1RouteTableF910F1C0",
        },
        "SubnetId": {
          "Ref": "NetworkVpcPublicSubnetSubnet1Subnet1B7B1CF8",
        },
      },
      "Type": "AWS::EC2::SubnetRouteTableAssociation",
    },
    "NetworkVpcPublicSubnetSubnet1RouteTableF910F1C0": {
      "Properties": {
        "Tags": [
          {
            "Key": "Name",
            "Value": "TestParentStack/TestImageProcessingStack/Network/Vpc/PublicSubnetSubnet1",
          },
        ],
        "VpcId": {
          "Ref": "NetworkVpc7FB7348F",
        },
      },
      "Type": "AWS::EC2::RouteTable",
    },
    "NetworkVpcPublicSubnetSubnet1Subnet1B7B1CF8": {
      "Metadata": {
        "guard": {
          "SuppressedRules": [
            "SUBNET_AUTO_ASSIGN_PUBLIC_IP_DISABLED",
          ],
        },
      },
      "Properties": {
        "AvailabilityZone": {
          "Fn::Select": [
            0,
            {
              "Fn::GetAZs": "",
            },
          ],
        },
        "CidrBlock": "10.0.0.0/26",
        "MapPublicIpOnLaunch": true,
        "Tags": [
          {
            "Key": "aws-cdk:subnet-name",
            "Value": "PublicSubnet",
          },
          {
            "Key": "aws-cdk:subnet-type",
            "Value": "Public",
          },
          {
            "Key": "Name",
            "Value": "TestParentStack/TestImageProcessingStack/Network/Vpc/PublicSubnetSubnet1",
          },
        ],
        "VpcId": {
          "Ref": "NetworkVpc7FB7348F",
        },
      },
      "Type": "AWS::EC2::Subnet",
    },
    "NetworkVpcPublicSubnetSubnet2DefaultRouteB04338FD": {
      "DependsOn": [
        "NetworkVpcVPCGW8F3799B5",
      ],
      "Properties": {
        "DestinationCidrBlock": "0.0.0.0/0",
        "GatewayId": {
          "Ref": "NetworkVpcIGW6BEA7B02",
        },
        "RouteTableId": {
          "Ref": "NetworkVpcPublicSubnetSubnet2RouteTableE7396285",
        },
      },
      "Type": "AWS::EC2::Route",
    },
    "NetworkVpcPublicSubnetSubnet2RouteTableAssociation9C078ADD": {
      "Properties": {
        "RouteTableId": {
          "Ref": "NetworkVpcPublicSubnetSubnet2RouteTableE7396285",
        },
        "SubnetId": {
          "Ref": "NetworkVpcPublicSubnetSubnet2SubnetDFB3E259",
        },
      },
      "Type": "AWS::EC2::SubnetRouteTableAssociation",
    },
    "NetworkVpcPublicSubnetSubnet2RouteTableE7396285": {
      "Properties": {
        "Tags": [
          {
            "Key": "Name",
            "Value": "TestParentStack/TestImageProcessingStack/Network/Vpc/PublicSubnetSubnet2",
          },
        ],
        "VpcId": {
          "Ref": "NetworkVpc7FB7348F",
        },
      },
      "Type": "AWS::EC2::RouteTable",
    },
    "NetworkVpcPublicSubnetSubnet2SubnetDFB3E259": {
      "Metadata": {
        "guard": {
          "SuppressedRules": [
            "SUBNET_AUTO_ASSIGN_PUBLIC_IP_DISABLED",
          ],
        },
      },
      "Properties": {
        "AvailabilityZone": {
          "Fn::Select": [
            1,
            {
              "Fn::GetAZs": "",
            },
          ],
        },
        "CidrBlock": "10.0.0.64/26",
        "MapPublicIpOnLaunch": true,
        "Tags": [
          {
            "Key": "aws-cdk:subnet-name",
            "Value": "PublicSubnet",
          },
          {
            "Key": "aws-cdk:subnet-type",
            "Value": "Public",
          },
          {
            "Key": "Name",
            "Value": "TestParentStack/TestImageProcessingStack/Network/Vpc/PublicSubnetSubnet2",
          },
        ],
        "VpcId": {
          "Ref": "NetworkVpc7FB7348F",
        },
      },
      "Type": "AWS::EC2::Subnet",
    },
    "NetworkVpcVPCGW8F3799B5": {
      "Properties": {
        "InternetGatewayId": {
          "Ref": "NetworkVpcIGW6BEA7B02",
        },
        "VpcId": {
          "Ref": "NetworkVpc7FB7348F",
        },
      },
      "Type": "AWS::EC2::VPCGatewayAttachment",
    },
    "RekognitionCacheTableD689CEDF": {
      "DeletionPolicy": "Delete",
      "Metadata": {
        "guard": {
          "SuppressedRules": [
            "DYNAMODB_TABLE_ENCRYPTED_KMS",
          ],
        },
      },
      "Properties": {
        "AttributeDefinitions": [
          {
            "AttributeName": "pk",
            "AttributeType": "S",
          },
          {
            "AttributeName": "sk",
            "AttributeType": "S",
          },
        ],
        "BillingMode": "PAY_PER_REQUEST",
        "KeySchema": [
          {
            "AttributeName": "pk",
            "KeyType": "HASH",
          },
          {
            "AttributeName": "sk",
            "KeyType": "RANGE",
          },
        ],
        "Replicas": [
          {
            "Region": {
              "Ref": "AWS::Region",
            },
          },
        ],
        "SSESpecification": {
          "SSEEnabled": true,
          "SSEType": "KMS",
        },
        "TimeToLiveSpecification": {
          "AttributeName": "ttl",
          "Enabled": true,
        },
      },
      "Type": "AWS::DynamoDB::GlobalTable",
      "UpdateReplacePolicy": "Delete",
    },
    "UtilityLambdaUtilityFunctionDC528CBA": {
      "DependsOn": [
        "UtilityLambdaUtilityFunctionServiceRoleDefaultPolicyE9723168",
        "UtilityLambdaUtilityFunctionServiceRoleBB09DE11",
      ],
      "Properties": {
        "Code": {
          "S3Bucket": "Omitted to remove snapshot dependency on bucket",
          "S3Key": "Omitted to remove snapshot dependency on hash",
        },
        "Environment": {
          "Variables": {
            "ECS_CLUSTER_NAME": {
              "Ref": "AlbEcsClusterBF96B8E6",
            },
            "ECS_SERVICE_NAME": {
              "Fn::GetAtt": [
                "AlbEcsServiceB938A05B",
                "Name",
              ],
            },
            "SOLUTION_ID": "SO0023",
            "SOLUTION_VERSION": "v8.1.1",
          },
        },
        "Handler": "index.handler",
        "LoggingConfig": {
          "LogGroup": {
            "Ref": "UtilityLambdaUtilityFunctionLogGroupA76E44D5",
          },
        },
        "MemorySize": 512,
        "Role": {
          "Fn::GetAtt": [
            "UtilityLambdaUtilityFunctionServiceRoleBB09DE11",
            "Arn",
          ],
        },
        "Runtime": "nodejs22.x",
        "Timeout": 30,
      },
      "Type": "AWS::Lambda::Function",
    },
    "UtilityLambdaUtilityFunctionDynamoDBEventSourceTestParentStackTestConfigTableB989B404B6557399": {
      "Properties": {
        "BatchSize": 1000,
        "EventSourceArn": {
          "Ref": "referencetoTestParentStackTestConfigTable04A6C22BStreamArn",
        },
        "FunctionName": {
          "Ref": "UtilityLambdaUtilityFunctionDC528CBA",
        },
        "MaximumBatchingWindowInSeconds": 180,
        "MaximumRetryAttempts": 3,
        "StartingPosition": "LATEST",
      },
      "Type": "AWS::Lambda::EventSourceMapping",
    },
    "UtilityLambdaUtilityFunctionLogGroupA76E44D5": {
      "DeletionPolicy": "Retain",
      "Metadata": {
        "guard": {
          "SuppressedRules": [
            "CLOUDWATCH_LOG_GROUP_ENCRYPTED",
          ],
        },
      },
      "Properties": {
        "RetentionInDays": 3653,
      },
      "Type": "AWS::Logs::LogGroup",
      "UpdateReplacePolicy": "Retain",
    },
    "UtilityLambdaUtilityFunctionServiceRoleBB09DE11": {
      "Properties": {
        "AssumeRolePolicyDocument": {
          "Statement": [
            {
              "Action": "sts:AssumeRole",
              "Effect": "Allow",
              "Principal": {
                "Service": "lambda.amazonaws.com",
              },
            },
          ],
          "Version": "2012-10-17",
        },
        "ManagedPolicyArns": [
          {
            "Fn::Join": [
              "",
              [
                "arn:",
                {
                  "Ref": "AWS::Partition",
                },
                ":iam::aws:policy/service-role/AWSLambdaBasicExecutionRole",
              ],
            ],
          },
        ],
      },
      "Type": "AWS::IAM::Role",
    },
    "UtilityLambdaUtilityFunctionServiceRoleDefaultPolicyE9723168": {
      "Properties": {
        "PolicyDocument": {
          "Statement": [
            {
              "Action": [
                "ecs:UpdateService",
                "ecs:DescribeServices",
              ],
              "Effect": "Allow",
              "Resource": [
                {
                  "Ref": "AlbEcsServiceB938A05B",
                },
                {
                  "Fn::Join": [
                    "",
                    [
                      {
                        "Fn::GetAtt": [
                          "AlbEcsClusterBF96B8E6",
                          "Arn",
                        ],
                      },
                      "/*",
                    ],
                  ],
                },
              ],
            },
            {
              "Action": "dynamodb:ListStreams",
              "Effect": "Allow",
              "Resource": {
                "Ref": "referencetoTestParentStackTestConfigTable04A6C22BStreamArn",
              },
            },
            {
              "Action": [
                "dynamodb:DescribeStream",
                "dynamodb:GetRecords",
                "dynamodb:GetShardIterator",
              ],
              "Effect": "Allow",
              "Resource": {
                "Ref": "referencetoTestParentStackTestConfigTable04A6C22BStreamArn",
              },
            },
          ],
          "Version": "2012-10-17",
        },
        "PolicyName": "UtilityLambdaUtilityFunctionServiceRoleDefaultPolicyE9723168",
        "Roles": [
          {
            "Ref": "UtilityLambdaUtilityFunctionServiceRoleBB09DE11",
          },
        ],
      },
      "Type": "AWS::IAM::Policy",
    },
  },
}
`;
